{"sessionId": "e15a98", "runId": "pre-fix", "hypothesisId": "H1", "location": "backend/app/main.py", "message": "Incoming request", "data": {"method": "GET", "path": "/", "query": "", "origin": null, "content_type": null}, "timestamp": 1777194398371}
{"sessionId": "e15a98", "runId": "pre-fix", "hypothesisId": "H1", "location": "backend/app/main.py", "message": "Request complete", "data": {"method": "GET", "path": "/", "status": 200}, "timestamp": 1777194398371}
{"sessionId": "e15a98", "runId": "pre-fix", "hypothesisId": "H1", "location": "backend/app/main.py", "message": "Incoming request", "data": {"method": "GET", "path": "/favicon.ico", "query": "", "origin": null, "content_type": null}, "timestamp": 1777194399679}
{"sessionId": "e15a98", "runId": "pre-fix", "hypothesisId": "H1", "location": "backend/app/main.py", "message": "Request complete", "data": {"method": "GET", "path": "/favicon.ico", "status": 404}, "timestamp": 1777194399681}
{"sessionId": "e15a98", "runId": "pre-fix", "hypothesisId": "H1", "location": "backend/app/main.py", "message": "Incoming request", "data": {"method": "GET", "path": "/", "query": "", "origin": null, "content_type": null}, "timestamp": 1777194779270}
{"sessionId": "e15a98", "runId": "pre-fix", "hypothesisId": "H1", "location": "backend/app/main.py", "message": "Request complete", "data": {"method": "GET", "path": "/", "status": 200}, "timestamp": 1777194779271}
{"sessionId": "e15a98", "runId": "pre-fix", "hypothesisId": "H1", "location": "backend/app/main.py", "message": "Incoming request", "data": {"method": "GET", "path": "/favicon.ico", "query": "", "origin": null, "content_type": null}, "timestamp": 1777194779488}
{"sessionId": "e15a98", "runId": "pre-fix", "hypothesisId": "H1", "location": "backend/app/main.py", "message": "Request complete", "data": {"method": "GET", "path": "/favicon.ico", "status": 404}, "timestamp": 1777194779488}
{"sessionId": "e15a98", "runId": "pre-fix", "hypothesisId": "H1", "location": "backend/app/main.py", "message": "Incoming request", "data": {"method": "POST", "path": "/api/v1/upload/data", "query": "", "origin": "http://localhost:3000", "content_type": "multipart/form-data; boundary=----WebKitFormBoundaryuKjjDfespvEDjz26"}, "timestamp": 1777194812316}
{"sessionId": "e15a98", "runId": "pre-fix", "hypothesisId": "H4", "location": "backend/app/api/routes/upload.py", "message": "Upload endpoint hit", "data": {"filename": "aws_cost_sample.csv", "content_type": "text/csv"}, "timestamp": 1777194812316}
{"sessionId": "e15a98", "runId": "pre-fix", "hypothesisId": "H4", "location": "backend/app/api/routes/upload.py", "message": "File read complete", "data": {"filename": "aws_cost_sample.csv", "bytes": 716}, "timestamp": 1777194812316}
{"sessionId": "e15a98", "runId": "pre-fix", "hypothesisId": "H1", "location": "backend/app/main.py", "message": "Request complete", "data": {"method": "POST", "path": "/api/v1/upload/data", "status": 200}, "timestamp": 1777194812597}
{"sessionId": "e15a98", "runId": "pre-fix", "hypothesisId": "H1", "location": "backend/app/main.py", "message": "Incoming request", "data": {"method": "GET", "path": "/api/v1/cost/summary", "query": "mode=synthetic", "origin": "http://localhost:3000", "content_type": null}, "timestamp": 1777194817338}
{"sessionId": "e15a98", "runId": "pre-fix", "hypothesisId": "H1", "location": "backend/app/main.py", "message": "Incoming request", "data": {"method": "GET", "path": "/api/v1/cost/timeseries", "query": "mode=synthetic", "origin": "http://localhost:3000", "content_type": null}, "timestamp": 1777194817378}
{"sessionId": "e15a98", "runId": "pre-fix", "hypothesisId": "H1", "location": "backend/app/main.py", "message": "Request complete", "data": {"method": "GET", "path": "/api/v1/cost/summary", "status": 200}, "timestamp": 1777194817380}
{"sessionId": "e15a98", "runId": "pre-fix", "hypothesisId": "H1", "location": "backend/app/main.py", "message": "Request complete", "data": {"method": "GET", "path": "/api/v1/cost/timeseries", "status": 200}, "timestamp": 1777194817473}
{"sessionId": "e15a98", "runId": "pre-fix", "hypothesisId": "H1", "location": "backend/app/main.py", "message": "Incoming request", "data": {"method": "GET", "path": "/api/v1/cost/service-breakdown", "query": "mode=synthetic", "origin": "http://localhost:3000", "content_type": null}, "timestamp": 1777194817476}
{"sessionId": "e15a98", "runId": "pre-fix", "hypothesisId": "H1", "location": "backend/app/main.py", "message": "Request complete", "data": {"method": "GET", "path": "/api/v1/cost/service-breakdown", "status": 200}, "timestamp": 1777194817487}
{"sessionId": "e15a98", "runId": "pre-fix", "hypothesisId": "H1", "location": "backend/app/main.py", "message": "Incoming request", "data": {"method": "GET", "path": "/api/v1/cost/region-breakdown", "query": "mode=synthetic", "origin": "http://localhost:3000", "content_type": null}, "timestamp": 1777194817490}
{"sessionId": "e15a98", "runId": "pre-fix", "hypothesisId": "H1", "location": "backend/app/main.py", "message": "Request complete", "data": {"method": "GET", "path": "/api/v1/cost/region-breakdown", "status": 200}, "timestamp": 1777194817501}
{"sessionId": "e15a98", "runId": "pre-fix", "hypothesisId": "H1", "location": "backend/app/main.py", "message": "Incoming request", "data": {"method": "GET", "path": "/api/v1/anomalies/latest", "query": "mode=synthetic", "origin": "http://localhost:3000", "content_type": null}, "timestamp": 1777194817506}
{"sessionId": "e15a98", "runId": "pre-fix", "hypothesisId": "H1", "location": "backend/app/main.py", "message": "Incoming request", "data": {"method": "GET", "path": "/api/v1/forecast/next-30-days", "query": "mode=synthetic", "origin": "http://localhost:3000", "content_type": null}, "timestamp": 1777194817541}
{"sessionId": "e15a98", "runId": "pre-fix", "hypothesisId": "H1", "location": "backend/app/main.py", "message": "Request complete", "data": {"method": "GET", "path": "/api/v1/anomalies/latest", "status": 500}, "timestamp": 1777194817548}
{"sessionId": "e15a98", "runId": "pre-fix", "hypothesisId": "H1", "location": "backend/app/main.py", "message": "Request complete", "data": {"method": "GET", "path": "/api/v1/forecast/next-30-days", "status": 200}, "timestamp": 1777194817576}
{"sessionId": "e15a98", "runId": "pre-fix", "hypothesisId": "H1", "location": "backend/app/main.py", "message": "Incoming request", "data": {"method": "GET", "path": "/api/v1/recommendations", "query": "mode=synthetic", "origin": "http://localhost:3000", "content_type": null}, "timestamp": 1777194817584}
{"sessionId": "e15a98", "runId": "pre-fix", "hypothesisId": "H1", "location": "backend/app/main.py", "message": "Request complete", "data": {"method": "GET", "path": "/api/v1/recommendations", "status": 200}, "timestamp": 1777194817638}
{"sessionId": "e15a98", "runId": "pre-fix", "hypothesisId": "H1", "location": "backend/app/main.py", "message": "Incoming request", "data": {"method": "GET", "path": "/api/v1/anomalies/latest", "query": "mode=synthetic", "origin": "http://localhost:3000", "content_type": null}, "timestamp": 1777194818600}
{"sessionId": "e15a98", "runId": "pre-fix", "hypothesisId": "H1", "location": "backend/app/main.py", "message": "Request complete", "data": {"method": "GET", "path": "/api/v1/anomalies/latest", "status": 500}, "timestamp": 1777194818617}
{"sessionId": "e15a98", "runId": "pre-fix", "hypothesisId": "H1", "location": "backend/app/main.py", "message": "Incoming request", "data": {"method": "GET", "path": "/api/v1/cost/summary", "query": "mode=synthetic", "origin": "http://localhost:3000", "content_type": null}, "timestamp": 1777194822118}
{"sessionId": "e15a98", "runId": "pre-fix", "hypothesisId": "H1", "location": "backend/app/main.py", "message": "Incoming request", "data": {"method": "GET", "path": "/api/v1/cost/timeseries", "query": "mode=synthetic", "origin": "http://localhost:3000", "content_type": null}, "timestamp": 1777194822127}
{"sessionId": "e15a98", "runId": "pre-fix", "hypothesisId": "H1", "location": "backend/app/main.py", "message": "Request complete", "data": {"method": "GET", "path": "/api/v1/cost/summary", "status": 200}, "timestamp": 1777194822128}
{"sessionId": "e15a98", "runId": "pre-fix", "hypothesisId": "H1", "location": "backend/app/main.py", "message": "Incoming request", "data": {"method": "GET", "path": "/api/v1/anomalies/latest", "query": "mode=synthetic", "origin": "http://localhost:3000", "content_type": null}, "timestamp": 1777194822140}
{"sessionId": "e15a98", "runId": "pre-fix", "hypothesisId": "H1", "location": "backend/app/main.py", "message": "Incoming request", "data": {"method": "GET", "path": "/api/v1/cost/region-breakdown", "query": "mode=synthetic", "origin": "http://localhost:3000", "content_type": null}, "timestamp": 1777194822142}
{"sessionId": "e15a98", "runId": "pre-fix", "hypothesisId": "H1", "location": "backend/app/main.py", "message": "Incoming request", "data": {"method": "GET", "path": "/api/v1/cost/service-breakdown", "query": "mode=synthetic", "origin": "http://localhost:3000", "content_type": null}, "timestamp": 1777194822143}
{"sessionId": "e15a98", "runId": "pre-fix", "hypothesisId": "H1", "location": "backend/app/main.py", "message": "Incoming request", "data": {"method": "GET", "path": "/api/v1/forecast/next-30-days", "query": "mode=synthetic", "origin": "http://localhost:3000", "content_type": null}, "timestamp": 1777194822144}
{"sessionId": "e15a98", "runId": "pre-fix", "hypothesisId": "H1", "location": "backend/app/main.py", "message": "Request complete", "data": {"method": "GET", "path": "/api/v1/cost/timeseries", "status": 200}, "timestamp": 1777194822209}
{"sessionId": "e15a98", "runId": "pre-fix", "hypothesisId": "H1", "location": "backend/app/main.py", "message": "Incoming request", "data": {"method": "GET", "path": "/api/v1/recommendations", "query": "mode=synthetic", "origin": "http://localhost:3000", "content_type": null}, "timestamp": 1777194822554}
{"sessionId": "e15a98", "runId": "pre-fix", "hypothesisId": "H1", "location": "backend/app/main.py", "message": "Request complete", "data": {"method": "GET", "path": "/api/v1/cost/region-breakdown", "status": 200}, "timestamp": 1777194822556}
{"sessionId": "e15a98", "runId": "pre-fix", "hypothesisId": "H1", "location": "backend/app/main.py", "message": "Request complete", "data": {"method": "GET", "path": "/api/v1/cost/service-breakdown", "status": 200}, "timestamp": 1777194822556}
{"sessionId": "e15a98", "runId": "pre-fix", "hypothesisId": "H1", "location": "backend/app/main.py", "message": "Request complete", "data": {"method": "GET", "path": "/api/v1/forecast/next-30-days", "status": 200}, "timestamp": 1777194822559}
{"sessionId": "e15a98", "runId": "pre-fix", "hypothesisId": "H1", "location": "backend/app/main.py", "message": "Request complete", "data": {"method": "GET", "path": "/api/v1/anomalies/latest", "status": 500}, "timestamp": 1777194822567}
{"sessionId": "e15a98", "runId": "pre-fix", "hypothesisId": "H1", "location": "backend/app/main.py", "message": "Request complete", "data": {"method": "GET", "path": "/api/v1/recommendations", "status": 200}, "timestamp": 1777194822582}
{"sessionId": "e15a98", "runId": "pre-fix", "hypothesisId": "H1", "location": "backend/app/main.py", "message": "Incoming request", "data": {"method": "GET", "path": "/api/v1/anomalies/latest", "query": "mode=synthetic", "origin": "http://localhost:3000", "content_type": null}, "timestamp": 1777194823621}
{"sessionId": "e15a98", "runId": "pre-fix", "hypothesisId": "H1", "location": "backend/app/main.py", "message": "Request complete", "data": {"method": "GET", "path": "/api/v1/anomalies/latest", "status": 500}, "timestamp": 1777194823639}
{"sessionId": "e15a98", "runId": "pre-fix", "hypothesisId": "H1", "location": "backend/app/main.py", "message": "Incoming request", "data": {"method": "GET", "path": "/api/v1/cost/timeseries", "query": "mode=synthetic", "origin": "http://localhost:3000", "content_type": null}, "timestamp": 1777194826242}
{"sessionId": "e15a98", "runId": "pre-fix", "hypothesisId": "H1", "location": "backend/app/main.py", "message": "Request complete", "data": {"method": "GET", "path": "/api/v1/cost/timeseries", "status": 200}, "timestamp": 1777194826252}
{"sessionId": "e15a98", "runId": "pre-fix", "hypothesisId": "H1", "location": "backend/app/main.py", "message": "Incoming request", "data": {"method": "GET", "path": "/api/v1/anomalies", "query": "mode=synthetic", "origin": "http://localhost:3000", "content_type": null}, "timestamp": 1777194827630}
{"sessionId": "e15a98", "runId": "pre-fix", "hypothesisId": "H1", "location": "backend/app/main.py", "message": "Request complete", "data": {"method": "GET", "path": "/api/v1/anomalies", "status": 500}, "timestamp": 1777194827658}
{"sessionId": "e15a98", "runId": "pre-fix", "hypothesisId": "H1", "location": "backend/app/main.py", "message": "Incoming request", "data": {"method": "GET", "path": "/api/v1/anomalies", "query": "mode=synthetic", "origin": "http://localhost:3000", "content_type": null}, "timestamp": 1777194828681}
{"sessionId": "e15a98", "runId": "pre-fix", "hypothesisId": "H1", "location": "backend/app/main.py", "message": "Request complete", "data": {"method": "GET", "path": "/api/v1/anomalies", "status": 500}, "timestamp": 1777194828703}
{"sessionId": "e15a98", "runId": "pre-fix", "hypothesisId": "H1", "location": "backend/app/main.py", "message": "Incoming request", "data": {"method": "GET", "path": "/api/v1/forecast", "query": "mode=synthetic", "origin": "http://localhost:3000", "content_type": null}, "timestamp": 1777194830140}
{"sessionId": "e15a98", "runId": "pre-fix", "hypothesisId": "H1", "location": "backend/app/main.py", "message": "Request complete", "data": {"method": "GET", "path": "/api/v1/forecast", "status": 200}, "timestamp": 1777194830150}
{"sessionId": "e15a98", "runId": "pre-fix", "hypothesisId": "H1", "location": "backend/app/main.py", "message": "Incoming request", "data": {"method": "GET", "path": "/api/v1/anomalies/latest", "query": "mode=synthetic", "origin": "http://localhost:3000", "content_type": null}, "timestamp": 1777194833915}
{"sessionId": "e15a98", "runId": "pre-fix", "hypothesisId": "H1", "location": "backend/app/main.py", "message": "Request complete", "data": {"method": "GET", "path": "/api/v1/anomalies/latest", "status": 500}, "timestamp": 1777194833928}
{"sessionId": "e15a98", "runId": "pre-fix", "hypothesisId": "H1", "location": "backend/app/main.py", "message": "Incoming request", "data": {"method": "GET", "path": "/api/v1/anomalies/latest", "query": "mode=synthetic", "origin": "http://localhost:3000", "content_type": null}, "timestamp": 1777194834954}
{"sessionId": "e15a98", "runId": "pre-fix", "hypothesisId": "H1", "location": "backend/app/main.py", "message": "Request complete", "data": {"method": "GET", "path": "/api/v1/anomalies/latest", "status": 500}, "timestamp": 1777194834956}
{"sessionId": "e15a98", "runId": "pre-fix", "hypothesisId": "H1", "location": "backend/app/main.py", "message": "Incoming request", "data": {"method": "POST", "path": "/api/v1/upload/data", "query": "", "origin": "http://localhost:3000", "content_type": "multipart/form-data; boundary=----WebKitFormBoundarygYbly6ez65JAAfxr"}, "timestamp": 1777194850449}
{"sessionId": "e15a98", "runId": "pre-fix", "hypothesisId": "H4", "location": "backend/app/api/routes/upload.py", "message": "Upload endpoint hit", "data": {"filename": "aws_cost_sample.csv", "content_type": "text/csv"}, "timestamp": 1777194850449}
{"sessionId": "e15a98", "runId": "pre-fix", "hypothesisId": "H4", "location": "backend/app/api/routes/upload.py", "message": "File read complete", "data": {"filename": "aws_cost_sample.csv", "bytes": 716}, "timestamp": 1777194850449}
{"sessionId": "e15a98", "runId": "pre-fix", "hypothesisId": "H1", "location": "backend/app/main.py", "message": "Request complete", "data": {"method": "POST", "path": "/api/v1/upload/data", "status": 200}, "timestamp": 1777194850600}
{"sessionId": "e15a98", "runId": "pre-fix", "hypothesisId": "H1", "location": "backend/app/main.py", "message": "Incoming request", "data": {"method": "GET", "path": "/api/v1/cost/timeseries", "query": "mode=synthetic", "origin": "http://localhost:3000", "content_type": null}, "timestamp": 1777194858932}
{"sessionId": "e15a98", "runId": "pre-fix", "hypothesisId": "H1", "location": "backend/app/main.py", "message": "Request complete", "data": {"method": "GET", "path": "/api/v1/cost/timeseries", "status": 200}, "timestamp": 1777194858942}
{"sessionId": "e15a98", "runId": "pre-fix", "hypothesisId": "H1", "location": "backend/app/main.py", "message": "Incoming request", "data": {"method": "GET", "path": "/api/v1/cost/summary", "query": "mode=synthetic", "origin": "http://localhost:3000", "content_type": null}, "timestamp": 1777194862549}
{"sessionId": "e15a98", "runId": "pre-fix", "hypothesisId": "H1", "location": "backend/app/main.py", "message": "Request complete", "data": {"method": "GET", "path": "/api/v1/cost/summary", "status": 200}, "timestamp": 1777194862562}
{"sessionId": "e15a98", "runId": "pre-fix", "hypothesisId": "H1", "location": "backend/app/main.py", "message": "Incoming request", "data": {"method": "GET", "path": "/api/v1/cost/timeseries", "query": "mode=synthetic", "origin": "http://localhost:3000", "content_type": null}, "timestamp": 1777194862572}
{"sessionId": "e15a98", "runId": "pre-fix", "hypothesisId": "H1", "location": "backend/app/main.py", "message": "Request complete", "data": {"method": "GET", "path": "/api/v1/cost/timeseries", "status": 200}, "timestamp": 1777194862582}
{"sessionId": "e15a98", "runId": "pre-fix", "hypothesisId": "H1", "location": "backend/app/main.py", "message": "Incoming request", "data": {"method": "GET", "path": "/api/v1/cost/service-breakdown", "query": "mode=synthetic", "origin": "http://localhost:3000", "content_type": null}, "timestamp": 1777194862589}
{"sessionId": "e15a98", "runId": "pre-fix", "hypothesisId": "H1", "location": "backend/app/main.py", "message": "Request complete", "data": {"method": "GET", "path": "/api/v1/cost/service-breakdown", "status": 200}, "timestamp": 1777194862596}
{"sessionId": "e15a98", "runId": "pre-fix", "hypothesisId": "H1", "location": "backend/app/main.py", "message": "Incoming request", "data": {"method": "GET", "path": "/api/v1/cost/region-breakdown", "query": "mode=synthetic", "origin": "http://localhost:3000", "content_type": null}, "timestamp": 1777194862605}
{"sessionId": "e15a98", "runId": "pre-fix", "hypothesisId": "H1", "location": "backend/app/main.py", "message": "Request complete", "data": {"method": "GET", "path": "/api/v1/cost/region-breakdown", "status": 200}, "timestamp": 1777194862607}
{"sessionId": "e15a98", "runId": "pre-fix", "hypothesisId": "H1", "location": "backend/app/main.py", "message": "Incoming request", "data": {"method": "GET", "path": "/api/v1/anomalies/latest", "query": "mode=synthetic", "origin": "http://localhost:3000", "content_type": null}, "timestamp": 1777194862615}
{"sessionId": "e15a98", "runId": "pre-fix", "hypothesisId": "H1", "location": "backend/app/main.py", "message": "Request complete", "data": {"method": "GET", "path": "/api/v1/anomalies/latest", "status": 500}, "timestamp": 1777194862631}
{"sessionId": "e15a98", "runId": "pre-fix", "hypothesisId": "H1", "location": "backend/app/main.py", "message": "Incoming request", "data": {"method": "GET", "path": "/api/v1/forecast/next-30-days", "query": "mode=synthetic", "origin": "http://localhost:3000", "content_type": null}, "timestamp": 1777194862632}
{"sessionId": "e15a98", "runId": "pre-fix", "hypothesisId": "H1", "location": "backend/app/main.py", "message": "Request complete", "data": {"method": "GET", "path": "/api/v1/forecast/next-30-days", "status": 200}, "timestamp": 1777194862650}
{"sessionId": "e15a98", "runId": "pre-fix", "hypothesisId": "H1", "location": "backend/app/main.py", "message": "Incoming request", "data": {"method": "GET", "path": "/api/v1/recommendations", "query": "mode=synthetic", "origin": "http://localhost:3000", "content_type": null}, "timestamp": 1777194862650}
{"sessionId": "e15a98", "runId": "pre-fix", "hypothesisId": "H1", "location": "backend/app/main.py", "message": "Request complete", "data": {"method": "GET", "path": "/api/v1/recommendations", "status": 200}, "timestamp": 1777194862673}
{"sessionId": "e15a98", "runId": "pre-fix", "hypothesisId": "H1", "location": "backend/app/main.py", "message": "Incoming request", "data": {"method": "GET", "path": "/api/v1/anomalies/latest", "query": "mode=synthetic", "origin": "http://localhost:3000", "content_type": null}, "timestamp": 1777194863646}
{"sessionId": "e15a98", "runId": "pre-fix", "hypothesisId": "H1", "location": "backend/app/main.py", "message": "Request complete", "data": {"method": "GET", "path": "/api/v1/anomalies/latest", "status": 500}, "timestamp": 1777194863658}
{"sessionId": "e15a98", "runId": "pre-fix", "hypothesisId": "H1", "location": "backend/app/main.py", "message": "Incoming request", "data": {"method": "GET", "path": "/", "query": "", "origin": null, "content_type": null}, "timestamp": 1777195957005}
{"sessionId": "e15a98", "runId": "pre-fix", "hypothesisId": "H1", "location": "backend/app/main.py", "message": "Request complete", "data": {"method": "GET", "path": "/", "status": 200}, "timestamp": 1777195957005}
{"sessionId": "e15a98", "runId": "pre-fix", "hypothesisId": "H1", "location": "backend/app/main.py", "message": "Incoming request", "data": {"method": "POST", "path": "/api/v1/upload/data", "query": "", "origin": "http://localhost:3000", "content_type": "multipart/form-data; boundary=----WebKitFormBoundaryGnUQAgxfN0Wz9BJC"}, "timestamp": 1777195980390}
{"sessionId": "e15a98", "runId": "pre-fix", "hypothesisId": "H4", "location": "backend/app/api/routes/upload.py", "message": "Upload endpoint hit", "data": {"filename": "Fincloud-AI_Dataset.csv", "content_type": "text/csv"}, "timestamp": 1777195999764}
{"sessionId": "e15a98", "runId": "pre-fix", "hypothesisId": "H4", "location": "backend/app/api/routes/upload.py", "message": "File read complete", "data": {"filename": "Fincloud-AI_Dataset.csv", "bytes": 61427802}, "timestamp": 1777195999803}
{"sessionId": "e15a98", "runId": "pre-fix", "hypothesisId": "H4", "location": "backend/app/api/routes/upload.py", "message": "Upload endpoint exception", "data": {"type": "HTTPException", "detail": ""}, "timestamp": 1777196002156}
{"sessionId": "e15a98", "runId": "pre-fix", "hypothesisId": "H1", "location": "backend/app/main.py", "message": "Request complete", "data": {"method": "POST", "path": "/api/v1/upload/data", "status": 500}, "timestamp": 1777196002174}
{"sessionId": "e15a98", "runId": "pre-fix", "hypothesisId": "H1", "location": "backend/app/main.py", "message": "Incoming request", "data": {"method": "POST", "path": "/api/v1/upload/data", "query": "", "origin": "http://localhost:3000", "content_type": "multipart/form-data; boundary=----WebKitFormBoundaryLACPqMO8B7Exq2c7"}, "timestamp": 1777196013866}
{"sessionId": "e15a98", "runId": "pre-fix", "hypothesisId": "H4", "location": "backend/app/api/routes/upload.py", "message": "Upload endpoint hit", "data": {"filename": "Fincloud-AI_Dataset.csv", "content_type": "text/csv"}, "timestamp": 1777196034562}
{"sessionId": "e15a98", "runId": "pre-fix", "hypothesisId": "H4", "location": "backend/app/api/routes/upload.py", "message": "File read complete", "data": {"filename": "Fincloud-AI_Dataset.csv", "bytes": 61427802}, "timestamp": 1777196034602}
{"sessionId": "e15a98", "runId": "pre-fix", "hypothesisId": "H4", "location": "backend/app/api/routes/upload.py", "message": "Upload endpoint exception", "data": {"type": "HTTPException", "detail": ""}, "timestamp": 1777196036757}
{"sessionId": "e15a98", "runId": "pre-fix", "hypothesisId": "H1", "location": "backend/app/main.py", "message": "Request complete", "data": {"method": "POST", "path": "/api/v1/upload/data", "status": 500}, "timestamp": 1777196036772}
{"sessionId": "e15a98", "runId": "pre-fix", "hypothesisId": "H1", "location": "backend/app/main.py", "message": "Incoming request", "data": {"method": "POST", "path": "/api/v1/upload/data", "query": "", "origin": "http://localhost:3000", "content_type": "multipart/form-data; boundary=----WebKitFormBoundaryNvgSIdvrkC24Tppa"}, "timestamp": 1777204121243}
{"sessionId": "e15a98", "runId": "pre-fix", "hypothesisId": "H1", "location": "backend/app/main.py", "message": "Request complete", "data": {"method": "POST", "path": "/api/v1/upload/data", "status": 400}, "timestamp": 1777204131726}
{"sessionId": "e15a98", "runId": "pre-fix", "hypothesisId": "H1", "location": "backend/app/main.py", "message": "Incoming request", "data": {"method": "GET", "path": "/api/v1/cost/summary", "query": "mode=synthetic", "origin": "http://localhost:3000", "content_type": null}, "timestamp": 1777204132813}
{"sessionId": "e15a98", "runId": "pre-fix", "hypothesisId": "H1", "location": "backend/app/main.py", "message": "Request complete", "data": {"method": "GET", "path": "/api/v1/cost/summary", "status": 200}, "timestamp": 1777204132879}
{"sessionId": "e15a98", "runId": "pre-fix", "hypothesisId": "H1", "location": "backend/app/main.py", "message": "Incoming request", "data": {"method": "GET", "path": "/api/v1/cost/timeseries", "query": "mode=synthetic", "origin": "http://localhost:3000", "content_type": null}, "timestamp": 1777204132885}
{"sessionId": "e15a98", "runId": "pre-fix", "hypothesisId": "H1", "location": "backend/app/main.py", "message": "Request complete", "data": {"method": "GET", "path": "/api/v1/cost/timeseries", "status": 200}, "timestamp": 1777204132902}
{"sessionId": "e15a98", "runId": "pre-fix", "hypothesisId": "H1", "location": "backend/app/main.py", "message": "Incoming request", "data": {"method": "GET", "path": "/api/v1/cost/service-breakdown", "query": "mode=synthetic", "origin": "http://localhost:3000", "content_type": null}, "timestamp": 1777204132910}
{"sessionId": "e15a98", "runId": "pre-fix", "hypothesisId": "H1", "location": "backend/app/main.py", "message": "Request complete", "data": {"method": "GET", "path": "/api/v1/cost/service-breakdown", "status": 200}, "timestamp": 1777204132926}
{"sessionId": "e15a98", "runId": "pre-fix", "hypothesisId": "H1", "location": "backend/app/main.py", "message": "Incoming request", "data": {"method": "GET", "path": "/api/v1/cost/region-breakdown", "query": "mode=synthetic", "origin": "http://localhost:3000", "content_type": null}, "timestamp": 1777204132934}
{"sessionId": "e15a98", "runId": "pre-fix", "hypothesisId": "H1", "location": "backend/app/main.py", "message": "Request complete", "data": {"method": "GET", "path": "/api/v1/cost/region-breakdown", "status": 200}, "timestamp": 1777204132945}
{"sessionId": "e15a98", "runId": "pre-fix", "hypothesisId": "H1", "location": "backend/app/main.py", "message": "Incoming request", "data": {"method": "GET", "path": "/api/v1/anomalies/latest", "query": "mode=synthetic", "origin": "http://localhost:3000", "content_type": null}, "timestamp": 1777204132950}
{"sessionId": "e15a98", "runId": "pre-fix", "hypothesisId": "H1", "location": "backend/app/main.py", "message": "Request complete", "data": {"method": "GET", "path": "/api/v1/anomalies/latest", "status": 500}, "timestamp": 1777204132997}
{"sessionId": "e15a98", "runId": "pre-fix", "hypothesisId": "H1", "location": "backend/app/main.py", "message": "Incoming request", "data": {"method": "GET", "path": "/api/v1/forecast/next-30-days", "query": "mode=synthetic", "origin": "http://localhost:3000", "content_type": null}, "timestamp": 1777204133018}
{"sessionId": "e15a98", "runId": "pre-fix", "hypothesisId": "H1", "location": "backend/app/main.py", "message": "Request complete", "data": {"method": "GET", "path": "/api/v1/forecast/next-30-days", "status": 200}, "timestamp": 1777204133060}
{"sessionId": "e15a98", "runId": "pre-fix", "hypothesisId": "H1", "location": "backend/app/main.py", "message": "Incoming request", "data": {"method": "GET", "path": "/api/v1/recommendations", "query": "mode=synthetic", "origin": "http://localhost:3000", "content_type": null}, "timestamp": 1777204133075}
{"sessionId": "e15a98", "runId": "pre-fix", "hypothesisId": "H1", "location": "backend/app/main.py", "message": "Request complete", "data": {"method": "GET", "path": "/api/v1/recommendations", "status": 200}, "timestamp": 1777204133118}
{"sessionId": "e15a98", "runId": "pre-fix", "hypothesisId": "H1", "location": "backend/app/main.py", "message": "Incoming request", "data": {"method": "GET", "path": "/api/v1/anomalies/latest", "query": "mode=synthetic", "origin": "http://localhost:3000", "content_type": null}, "timestamp": 1777204134033}
{"sessionId": "e15a98", "runId": "pre-fix", "hypothesisId": "H1", "location": "backend/app/main.py", "message": "Request complete", "data": {"method": "GET", "path": "/api/v1/anomalies/latest", "status": 500}, "timestamp": 1777204134047}
{"sessionId": "e15a98", "runId": "pre-fix", "hypothesisId": "H1", "location": "backend/app/main.py", "message": "Incoming request", "data": {"method": "GET", "path": "/", "query": "", "origin": null, "content_type": null}, "timestamp": 1777204143570}
{"sessionId": "e15a98", "runId": "pre-fix", "hypothesisId": "H1", "location": "backend/app/main.py", "message": "Request complete", "data": {"method": "GET", "path": "/", "status": 200}, "timestamp": 1777204143571}
{"sessionId": "e15a98", "runId": "pre-fix", "hypothesisId": "H1", "location": "backend/app/main.py", "message": "Incoming request", "data": {"method": "GET", "path": "/api/v1/cost/summary", "query": "mode=synthetic", "origin": "http://localhost:3000", "content_type": null}, "timestamp": 1777204314711}
{"sessionId": "e15a98", "runId": "pre-fix", "hypothesisId": "H1", "location": "backend/app/main.py", "message": "Incoming request", "data": {"method": "GET", "path": "/api/v1/cost/service-breakdown", "query": "mode=synthetic", "origin": "http://localhost:3000", "content_type": null}, "timestamp": 1777204314714}
{"sessionId": "e15a98", "runId": "pre-fix", "hypothesisId": "H1", "location": "backend/app/main.py", "message": "Incoming request", "data": {"method": "GET", "path": "/api/v1/cost/timeseries", "query": "mode=synthetic", "origin": "http://localhost:3000", "content_type": null}, "timestamp": 1777204314715}
{"sessionId": "e15a98", "runId": "pre-fix", "hypothesisId": "H1", "location": "backend/app/main.py", "message": "Request complete", "data": {"method": "GET", "path": "/api/v1/cost/summary", "status": 200}, "timestamp": 1777204315006}
{"sessionId": "e15a98", "runId": "pre-fix", "hypothesisId": "H1", "location": "backend/app/main.py", "message": "Request complete", "data": {"method": "GET", "path": "/api/v1/cost/service-breakdown", "status": 200}, "timestamp": 1777204315007}
{"sessionId": "e15a98", "runId": "pre-fix", "hypothesisId": "H1", "location": "backend/app/main.py", "message": "Request complete", "data": {"method": "GET", "path": "/api/v1/cost/timeseries", "status": 200}, "timestamp": 1777204315007}
{"sessionId": "e15a98", "runId": "pre-fix", "hypothesisId": "H1", "location": "backend/app/main.py", "message": "Incoming request", "data": {"method": "GET", "path": "/api/v1/cost/region-breakdown", "query": "mode=synthetic", "origin": "http://localhost:3000", "content_type": null}, "timestamp": 1777204315008}
{"sessionId": "e15a98", "runId": "pre-fix", "hypothesisId": "H1", "location": "backend/app/main.py", "message": "Incoming request", "data": {"method": "GET", "path": "/api/v1/anomalies/latest", "query": "mode=synthetic", "origin": "http://localhost:3000", "content_type": null}, "timestamp": 1777204315012}
{"sessionId": "e15a98", "runId": "pre-fix", "hypothesisId": "H1", "location": "backend/app/main.py", "message": "Incoming request", "data": {"method": "GET", "path": "/api/v1/forecast/next-30-days", "query": "mode=synthetic", "origin": "http://localhost:3000", "content_type": null}, "timestamp": 1777204315013}
{"sessionId": "e15a98", "runId": "pre-fix", "hypothesisId": "H1", "location": "backend/app/main.py", "message": "Request complete", "data": {"method": "GET", "path": "/api/v1/cost/region-breakdown", "status": 200}, "timestamp": 1777204315050}
{"sessionId": "e15a98", "runId": "pre-fix", "hypothesisId": "H1", "location": "backend/app/main.py", "message": "Request complete", "data": {"method": "GET", "path": "/api/v1/forecast/next-30-days", "status": 200}, "timestamp": 1777204315052}
{"sessionId": "e15a98", "runId": "pre-fix", "hypothesisId": "H1", "location": "backend/app/main.py", "message": "Incoming request", "data": {"method": "GET", "path": "/api/v1/recommendations", "query": "mode=synthetic", "origin": "http://localhost:3000", "content_type": null}, "timestamp": 1777204315053}
{"sessionId": "e15a98", "runId": "pre-fix", "hypothesisId": "H1", "location": "backend/app/main.py", "message": "Request complete", "data": {"method": "GET", "path": "/api/v1/anomalies/latest", "status": 500}, "timestamp": 1777204315062}
{"sessionId": "e15a98", "runId": "pre-fix", "hypothesisId": "H1", "location": "backend/app/main.py", "message": "Request complete", "data": {"method": "GET", "path": "/api/v1/recommendations", "status": 200}, "timestamp": 1777204315081}
{"sessionId": "e15a98", "runId": "pre-fix", "hypothesisId": "H1", "location": "backend/app/main.py", "message": "Incoming request", "data": {"method": "GET", "path": "/api/v1/anomalies/latest", "query": "mode=synthetic", "origin": "http://localhost:3000", "content_type": null}, "timestamp": 1777204316108}
{"sessionId": "e15a98", "runId": "pre-fix", "hypothesisId": "H1", "location": "backend/app/main.py", "message": "Request complete", "data": {"method": "GET", "path": "/api/v1/anomalies/latest", "status": 500}, "timestamp": 1777204316120}
{"sessionId": "e15a98", "runId": "pre-fix", "hypothesisId": "H1", "location": "backend/app/main.py", "message": "Incoming request", "data": {"method": "GET", "path": "/api/v1/cost/summary", "query": "mode=synthetic", "origin": "http://localhost:3000", "content_type": null}, "timestamp": 1777204342454}
{"sessionId": "e15a98", "runId": "pre-fix", "hypothesisId": "H1", "location": "backend/app/main.py", "message": "Incoming request", "data": {"method": "GET", "path": "/api/v1/cost/timeseries", "query": "mode=synthetic", "origin": "http://localhost:3000", "content_type": null}, "timestamp": 1777204342457}
{"sessionId": "e15a98", "runId": "pre-fix", "hypothesisId": "H1", "location": "backend/app/main.py", "message": "Incoming request", "data": {"method": "GET", "path": "/api/v1/cost/region-breakdown", "query": "mode=synthetic", "origin": "http://localhost:3000", "content_type": null}, "timestamp": 1777204342459}
{"sessionId": "e15a98", "runId": "pre-fix", "hypothesisId": "H1", "location": "backend/app/main.py", "message": "Incoming request", "data": {"method": "GET", "path": "/api/v1/cost/service-breakdown", "query": "mode=synthetic", "origin": "http://localhost:3000", "content_type": null}, "timestamp": 1777204342460}
{"sessionId": "e15a98", "runId": "pre-fix", "hypothesisId": "H1", "location": "backend/app/main.py", "message": "Incoming request", "data": {"method": "GET", "path": "/api/v1/anomalies/latest", "query": "mode=synthetic", "origin": "http://localhost:3000", "content_type": null}, "timestamp": 1777204342472}
{"sessionId": "e15a98", "runId": "pre-fix", "hypothesisId": "H1", "location": "backend/app/main.py", "message": "Request complete", "data": {"method": "GET", "path": "/api/v1/cost/summary", "status": 200}, "timestamp": 1777204342534}
{"sessionId": "e15a98", "runId": "pre-fix", "hypothesisId": "H1", "location": "backend/app/main.py", "message": "Request complete", "data": {"method": "GET", "path": "/api/v1/cost/timeseries", "status": 200}, "timestamp": 1777204342536}
{"sessionId": "e15a98", "runId": "pre-fix", "hypothesisId": "H1", "location": "backend/app/main.py", "message": "Request complete", "data": {"method": "GET", "path": "/api/v1/cost/region-breakdown", "status": 200}, "timestamp": 1777204342538}
{"sessionId": "e15a98", "runId": "pre-fix", "hypothesisId": "H1", "location": "backend/app/main.py", "message": "Request complete", "data": {"method": "GET", "path": "/api/v1/cost/service-breakdown", "status": 200}, "timestamp": 1777204342540}
{"sessionId": "e15a98", "runId": "pre-fix", "hypothesisId": "H1", "location": "backend/app/main.py", "message": "Incoming request", "data": {"method": "GET", "path": "/api/v1/forecast/next-30-days", "query": "mode=synthetic", "origin": "http://localhost:3000", "content_type": null}, "timestamp": 1777204342595}
{"sessionId": "e15a98", "runId": "pre-fix", "hypothesisId": "H1", "location": "backend/app/main.py", "message": "Incoming request", "data": {"method": "GET", "path": "/api/v1/recommendations", "query": "mode=synthetic", "origin": "http://localhost:3000", "content_type": null}, "timestamp": 1777204342614}
{"sessionId": "e15a98", "runId": "pre-fix", "hypothesisId": "H1", "location": "backend/app/main.py", "message": "Request complete", "data": {"method": "GET", "path": "/api/v1/forecast/next-30-days", "status": 200}, "timestamp": 1777204342616}
{"sessionId": "e15a98", "runId": "pre-fix", "hypothesisId": "H1", "location": "backend/app/main.py", "message": "Request complete", "data": {"method": "GET", "path": "/api/v1/anomalies/latest", "status": 500}, "timestamp": 1777204342616}
{"sessionId": "e15a98", "runId": "pre-fix", "hypothesisId": "H1", "location": "backend/app/main.py", "message": "Request complete", "data": {"method": "GET", "path": "/api/v1/recommendations", "status": 200}, "timestamp": 1777204342643}
{"sessionId": "e15a98", "runId": "pre-fix", "hypothesisId": "H1", "location": "backend/app/main.py", "message": "Incoming request", "data": {"method": "GET", "path": "/api/v1/anomalies/latest", "query": "mode=synthetic", "origin": "http://localhost:3000", "content_type": null}, "timestamp": 1777204343668}
{"sessionId": "e15a98", "runId": "pre-fix", "hypothesisId": "H1", "location": "backend/app/main.py", "message": "Request complete", "data": {"method": "GET", "path": "/api/v1/anomalies/latest", "status": 500}, "timestamp": 1777204343678}
{"sessionId": "e15a98", "runId": "pre-fix", "hypothesisId": "H1", "location": "backend/app/main.py", "message": "Incoming request", "data": {"method": "GET", "path": "/", "query": "", "origin": null, "content_type": null}, "timestamp": 1777204394014}
{"sessionId": "e15a98", "runId": "pre-fix", "hypothesisId": "H1", "location": "backend/app/main.py", "message": "Request complete", "data": {"method": "GET", "path": "/", "status": 200}, "timestamp": 1777204394016}
{"sessionId": "e15a98", "runId": "pre-fix", "hypothesisId": "H1", "location": "backend/app/main.py", "message": "Incoming request", "data": {"method": "GET", "path": "/api/v1/cost/summary", "query": "mode=synthetic", "origin": "http://localhost:3000", "content_type": null}, "timestamp": 1777204409352}
{"sessionId": "e15a98", "runId": "pre-fix", "hypothesisId": "H1", "location": "backend/app/main.py", "message": "Request complete", "data": {"method": "GET", "path": "/api/v1/cost/summary", "status": 200}, "timestamp": 1777204409387}
{"sessionId": "e15a98", "runId": "pre-fix", "hypothesisId": "H1", "location": "backend/app/main.py", "message": "Incoming request", "data": {"method": "GET", "path": "/api/v1/cost/region-breakdown", "query": "mode=synthetic", "origin": "http://localhost:3000", "content_type": null}, "timestamp": 1777204409391}
{"sessionId": "e15a98", "runId": "pre-fix", "hypothesisId": "H1", "location": "backend/app/main.py", "message": "Incoming request", "data": {"method": "GET", "path": "/api/v1/forecast/next-30-days", "query": "mode=synthetic", "origin": "http://localhost:3000", "content_type": null}, "timestamp": 1777204409393}
{"sessionId": "e15a98", "runId": "pre-fix", "hypothesisId": "H1", "location": "backend/app/main.py", "message": "Incoming request", "data": {"method": "GET", "path": "/api/v1/anomalies/latest", "query": "mode=synthetic", "origin": "http://localhost:3000", "content_type": null}, "timestamp": 1777204409395}
{"sessionId": "e15a98", "runId": "pre-fix", "hypothesisId": "H1", "location": "backend/app/main.py", "message": "Incoming request", "data": {"method": "GET", "path": "/api/v1/cost/timeseries", "query": "mode=synthetic", "origin": "http://localhost:3000", "content_type": null}, "timestamp": 1777204409399}
{"sessionId": "e15a98", "runId": "pre-fix", "hypothesisId": "H1", "location": "backend/app/main.py", "message": "Incoming request", "data": {"method": "GET", "path": "/api/v1/cost/service-breakdown", "query": "mode=synthetic", "origin": "http://localhost:3000", "content_type": null}, "timestamp": 1777204409401}
{"sessionId": "e15a98", "runId": "pre-fix", "hypothesisId": "H1", "location": "backend/app/main.py", "message": "Request complete", "data": {"method": "GET", "path": "/api/v1/cost/region-breakdown", "status": 200}, "timestamp": 1777204409452}
{"sessionId": "e15a98", "runId": "pre-fix", "hypothesisId": "H1", "location": "backend/app/main.py", "message": "Request complete", "data": {"method": "GET", "path": "/api/v1/forecast/next-30-days", "status": 200}, "timestamp": 1777204409453}
{"sessionId": "e15a98", "runId": "pre-fix", "hypothesisId": "H1", "location": "backend/app/main.py", "message": "Request complete", "data": {"method": "GET", "path": "/api/v1/cost/timeseries", "status": 200}, "timestamp": 1777204409454}
{"sessionId": "e15a98", "runId": "pre-fix", "hypothesisId": "H1", "location": "backend/app/main.py", "message": "Request complete", "data": {"method": "GET", "path": "/api/v1/cost/service-breakdown", "status": 200}, "timestamp": 1777204409456}
{"sessionId": "e15a98", "runId": "pre-fix", "hypothesisId": "H1", "location": "backend/app/main.py", "message": "Incoming request", "data": {"method": "GET", "path": "/api/v1/recommendations", "query": "mode=synthetic", "origin": "http://localhost:3000", "content_type": null}, "timestamp": 1777204409459}
{"sessionId": "e15a98", "runId": "pre-fix", "hypothesisId": "H1", "location": "backend/app/main.py", "message": "Request complete", "data": {"method": "GET", "path": "/api/v1/anomalies/latest", "status": 500}, "timestamp": 1777204409463}
{"sessionId": "e15a98", "runId": "pre-fix", "hypothesisId": "H1", "location": "backend/app/main.py", "message": "Request complete", "data": {"method": "GET", "path": "/api/v1/recommendations", "status": 200}, "timestamp": 1777204409484}
{"sessionId": "e15a98", "runId": "pre-fix", "hypothesisId": "H1", "location": "backend/app/main.py", "message": "Incoming request", "data": {"method": "GET", "path": "/api/v1/anomalies/latest", "query": "mode=synthetic", "origin": "http://localhost:3000", "content_type": null}, "timestamp": 1777204410593}
{"sessionId": "e15a98", "runId": "pre-fix", "hypothesisId": "H1", "location": "backend/app/main.py", "message": "Request complete", "data": {"method": "GET", "path": "/api/v1/anomalies/latest", "status": 500}, "timestamp": 1777204410609}
{"sessionId": "e15a98", "runId": "pre-fix", "hypothesisId": "H1", "location": "backend/app/main.py", "message": "Incoming request", "data": {"method": "POST", "path": "/api/v1/upload/data", "query": "", "origin": "http://localhost:3000", "content_type": "multipart/form-data; boundary=----WebKitFormBoundaryd5YHNfGjCYZmgCGJ"}, "timestamp": 1777204432066}
{"sessionId": "e15a98", "runId": "pre-fix", "hypothesisId": "H4", "location": "backend/app/api/routes/upload.py", "message": "Upload endpoint hit", "data": {"filename": "Fincloud-AI_Dataset.csv", "content_type": "text/csv"}, "timestamp": 1777204452646}
{"sessionId": "e15a98", "runId": "pre-fix", "hypothesisId": "H4", "location": "backend/app/api/routes/upload.py", "message": "File read complete", "data": {"filename": "Fincloud-AI_Dataset.csv", "bytes": 61427802}, "timestamp": 1777204452714}
{"sessionId": "e15a98", "runId": "pre-fix", "hypothesisId": "H4", "location": "backend/app/api/routes/upload.py", "message": "Upload endpoint exception", "data": {"type": "HTTPException", "detail": ""}, "timestamp": 1777204455003}
{"sessionId": "e15a98", "runId": "pre-fix", "hypothesisId": "H1", "location": "backend/app/main.py", "message": "Request complete", "data": {"method": "POST", "path": "/api/v1/upload/data", "status": 500}, "timestamp": 1777204455034}
{"sessionId": "e15a98", "runId": "pre-fix", "hypothesisId": "H1", "location": "backend/app/main.py", "message": "Incoming request", "data": {"method": "POST", "path": "/api/v1/upload/data", "query": "", "origin": "http://localhost:3000", "content_type": "multipart/form-data; boundary=----WebKitFormBoundaryPeTK6QmDYeB6n9kc"}, "timestamp": 1777204498964}
{"sessionId": "e15a98", "runId": "pre-fix", "hypothesisId": "H1", "location": "backend/app/main.py", "message": "Incoming request", "data": {"method": "GET", "path": "/api/v1/cost/summary", "query": "mode=synthetic", "origin": "http://localhost:3000", "content_type": null}, "timestamp": 1777204501808}
{"sessionId": "e15a98", "runId": "pre-fix", "hypothesisId": "H1", "location": "backend/app/main.py", "message": "Request complete", "data": {"method": "GET", "path": "/api/v1/cost/summary", "status": 200}, "timestamp": 1777204501824}
{"sessionId": "e15a98", "runId": "pre-fix", "hypothesisId": "H1", "location": "backend/app/main.py", "message": "Incoming request", "data": {"method": "GET", "path": "/api/v1/cost/timeseries", "query": "mode=synthetic", "origin": "http://localhost:3000", "content_type": null}, "timestamp": 1777204501833}
{"sessionId": "e15a98", "runId": "pre-fix", "hypothesisId": "H1", "location": "backend/app/main.py", "message": "Request complete", "data": {"method": "GET", "path": "/api/v1/cost/timeseries", "status": 200}, "timestamp": 1777204501844}
{"sessionId": "e15a98", "runId": "pre-fix", "hypothesisId": "H1", "location": "backend/app/main.py", "message": "Incoming request", "data": {"method": "GET", "path": "/api/v1/cost/service-breakdown", "query": "mode=synthetic", "origin": "http://localhost:3000", "content_type": null}, "timestamp": 1777204501850}
{"sessionId": "e15a98", "runId": "pre-fix", "hypothesisId": "H1", "location": "backend/app/main.py", "message": "Request complete", "data": {"method": "GET", "path": "/api/v1/cost/service-breakdown", "status": 200}, "timestamp": 1777204501860}
{"sessionId": "e15a98", "runId": "pre-fix", "hypothesisId": "H1", "location": "backend/app/main.py", "message": "Incoming request", "data": {"method": "GET", "path": "/api/v1/cost/region-breakdown", "query": "mode=synthetic", "origin": "http://localhost:3000", "content_type": null}, "timestamp": 1777204501868}
{"sessionId": "e15a98", "runId": "pre-fix", "hypothesisId": "H1", "location": "backend/app/main.py", "message": "Request complete", "data": {"method": "GET", "path": "/api/v1/cost/region-breakdown", "status": 200}, "timestamp": 1777204501879}
{"sessionId": "e15a98", "runId": "pre-fix", "hypothesisId": "H1", "location": "backend/app/main.py", "message": "Incoming request", "data": {"method": "GET", "path": "/api/v1/anomalies/latest", "query": "mode=synthetic", "origin": "http://localhost:3000", "content_type": null}, "timestamp": 1777204501885}
{"sessionId": "e15a98", "runId": "pre-fix", "hypothesisId": "H1", "location": "backend/app/main.py", "message": "Request complete", "data": {"method": "GET", "path": "/api/v1/anomalies/latest", "status": 500}, "timestamp": 1777204501902}
{"sessionId": "e15a98", "runId": "pre-fix", "hypothesisId": "H1", "location": "backend/app/main.py", "message": "Incoming request", "data": {"method": "GET", "path": "/api/v1/forecast/next-30-days", "query": "mode=synthetic", "origin": "http://localhost:3000", "content_type": null}, "timestamp": 1777204501917}
{"sessionId": "e15a98", "runId": "pre-fix", "hypothesisId": "H1", "location": "backend/app/main.py", "message": "Request complete", "data": {"method": "GET", "path": "/api/v1/forecast/next-30-days", "status": 200}, "timestamp": 1777204501929}
{"sessionId": "e15a98", "runId": "pre-fix", "hypothesisId": "H1", "location": "backend/app/main.py", "message": "Incoming request", "data": {"method": "GET", "path": "/api/v1/recommendations", "query": "mode=synthetic", "origin": "http://localhost:3000", "content_type": null}, "timestamp": 1777204501935}
{"sessionId": "e15a98", "runId": "pre-fix", "hypothesisId": "H1", "location": "backend/app/main.py", "message": "Request complete", "data": {"method": "GET", "path": "/api/v1/recommendations", "status": 200}, "timestamp": 1777204501950}
{"sessionId": "e15a98", "runId": "pre-fix", "hypothesisId": "H1", "location": "backend/app/main.py", "message": "Incoming request", "data": {"method": "GET", "path": "/api/v1/anomalies/latest", "query": "mode=synthetic", "origin": "http://localhost:3000", "content_type": null}, "timestamp": 1777204502932}
{"sessionId": "e15a98", "runId": "pre-fix", "hypothesisId": "H1", "location": "backend/app/main.py", "message": "Request complete", "data": {"method": "GET", "path": "/api/v1/anomalies/latest", "status": 500}, "timestamp": 1777204502948}
{"sessionId": "e15a98", "runId": "pre-fix", "hypothesisId": "H1", "location": "backend/app/main.py", "message": "Incoming request", "data": {"method": "POST", "path": "/api/v1/upload/data", "query": "", "origin": "http://localhost:3000", "content_type": "multipart/form-data; boundary=----WebKitFormBoundarynZokqR9Hv9ETtQye"}, "timestamp": 1777204512673}
{"sessionId": "e15a98", "runId": "pre-fix", "hypothesisId": "H1", "location": "backend/app/main.py", "message": "Incoming request", "data": {"method": "GET", "path": "/api/v1/anomalies/latest", "query": "mode=synthetic", "origin": "http://localhost:3000", "content_type": null}, "timestamp": 1777204515893}
{"sessionId": "e15a98", "runId": "pre-fix", "hypothesisId": "H1", "location": "backend/app/main.py", "message": "Request complete", "data": {"method": "GET", "path": "/api/v1/anomalies/latest", "status": 500}, "timestamp": 1777204515915}
{"sessionId": "e15a98", "runId": "pre-fix", "hypothesisId": "H1", "location": "backend/app/main.py", "message": "Incoming request", "data": {"method": "GET", "path": "/api/v1/anomalies/latest", "query": "mode=synthetic", "origin": "http://localhost:3000", "content_type": null}, "timestamp": 1777204516939}
{"sessionId": "e15a98", "runId": "pre-fix", "hypothesisId": "H1", "location": "backend/app/main.py", "message": "Request complete", "data": {"method": "GET", "path": "/api/v1/anomalies/latest", "status": 500}, "timestamp": 1777204516954}
{"sessionId": "e15a98", "runId": "pre-fix", "hypothesisId": "H1", "location": "backend/app/main.py", "message": "Incoming request", "data": {"method": "POST", "path": "/api/v1/upload/data", "query": "", "origin": "http://localhost:3000", "content_type": "multipart/form-data; boundary=----WebKitFormBoundaryb3hmwKeeFl1MP67F"}, "timestamp": 1777204528066}
{"sessionId": "e15a98", "runId": "pre-fix", "hypothesisId": "H4", "location": "backend/app/api/routes/upload.py", "message": "Upload endpoint hit", "data": {"filename": "aws_cost_sample.csv", "content_type": "text/csv"}, "timestamp": 1777204528071}
{"sessionId": "e15a98", "runId": "pre-fix", "hypothesisId": "H4", "location": "backend/app/api/routes/upload.py", "message": "File read complete", "data": {"filename": "aws_cost_sample.csv", "bytes": 716}, "timestamp": 1777204528072}
{"sessionId": "e15a98", "runId": "pre-fix", "hypothesisId": "H1", "location": "backend/app/main.py", "message": "Request complete", "data": {"method": "POST", "path": "/api/v1/upload/data", "status": 200}, "timestamp": 1777204528327}
{"sessionId": "e15a98", "runId": "pre-fix", "hypothesisId": "H1", "location": "backend/app/main.py", "message": "Request complete", "data": {"method": "POST", "path": "/api/v1/upload/data", "status": 400}, "timestamp": 1777204536986}
{"sessionId": "e15a98", "runId": "pre-fix", "hypothesisId": "H1", "location": "backend/app/main.py", "message": "Request complete", "data": {"method": "POST", "path": "/api/v1/upload/data", "status": 400}, "timestamp": 1777204545948}
{"sessionId": "e15a98", "runId": "pre-fix", "hypothesisId": "H1", "location": "backend/app/main.py", "message": "Incoming request", "data": {"method": "GET", "path": "/api/v1/cost/summary", "query": "mode=aws", "origin": "http://localhost:3000", "content_type": null}, "timestamp": 1777204559631}
{"sessionId": "e15a98", "runId": "pre-fix", "hypothesisId": "H1", "location": "backend/app/main.py", "message": "Incoming request", "data": {"method": "GET", "path": "/api/v1/cost/timeseries", "query": "mode=aws", "origin": "http://localhost:3000", "content_type": null}, "timestamp": 1777204559633}
{"sessionId": "e15a98", "runId": "pre-fix", "hypothesisId": "H1", "location": "backend/app/main.py", "message": "Incoming request", "data": {"method": "GET", "path": "/api/v1/cost/region-breakdown", "query": "mode=aws", "origin": "http://localhost:3000", "content_type": null}, "timestamp": 1777204559635}
{"sessionId": "e15a98", "runId": "pre-fix", "hypothesisId": "H1", "location": "backend/app/main.py", "message": "Incoming request", "data": {"method": "GET", "path": "/api/v1/anomalies/latest", "query": "mode=aws", "origin": "http://localhost:3000", "content_type": null}, "timestamp": 1777204559636}
{"sessionId": "e15a98", "runId": "pre-fix", "hypothesisId": "H1", "location": "backend/app/main.py", "message": "Incoming request", "data": {"method": "GET", "path": "/api/v1/forecast/next-30-days", "query": "mode=aws", "origin": "http://localhost:3000", "content_type": null}, "timestamp": 1777204559637}
{"sessionId": "e15a98", "runId": "pre-fix", "hypothesisId": "H1", "location": "backend/app/main.py", "message": "Incoming request", "data": {"method": "GET", "path": "/api/v1/cost/service-breakdown", "query": "mode=aws", "origin": "http://localhost:3000", "content_type": null}, "timestamp": 1777204559639}
{"sessionId": "e15a98", "runId": "pre-fix", "hypothesisId": "H1", "location": "backend/app/main.py", "message": "Request complete", "data": {"method": "GET", "path": "/api/v1/cost/timeseries", "status": 200}, "timestamp": 1777204559760}
{"sessionId": "e15a98", "runId": "pre-fix", "hypothesisId": "H1", "location": "backend/app/main.py", "message": "Request complete", "data": {"method": "GET", "path": "/api/v1/cost/region-breakdown", "status": 200}, "timestamp": 1777204559761}
{"sessionId": "e15a98", "runId": "pre-fix", "hypothesisId": "H1", "location": "backend/app/main.py", "message": "Request complete", "data": {"method": "GET", "path": "/api/v1/cost/summary", "status": 200}, "timestamp": 1777204559762}
{"sessionId": "e15a98", "runId": "pre-fix", "hypothesisId": "H1", "location": "backend/app/main.py", "message": "Request complete", "data": {"method": "GET", "path": "/api/v1/forecast/next-30-days", "status": 200}, "timestamp": 1777204559763}
{"sessionId": "e15a98", "runId": "pre-fix", "hypothesisId": "H1", "location": "backend/app/main.py", "message": "Request complete", "data": {"method": "GET", "path": "/api/v1/cost/service-breakdown", "status": 200}, "timestamp": 1777204559767}
{"sessionId": "e15a98", "runId": "pre-fix", "hypothesisId": "H1", "location": "backend/app/main.py", "message": "Request complete", "data": {"method": "GET", "path": "/api/v1/anomalies/latest", "status": 500}, "timestamp": 1777204559776}
{"sessionId": "e15a98", "runId": "pre-fix", "hypothesisId": "H1", "location": "backend/app/main.py", "message": "Incoming request", "data": {"method": "GET", "path": "/api/v1/recommendations", "query": "mode=aws", "origin": "http://localhost:3000", "content_type": null}, "timestamp": 1777204559827}
{"sessionId": "e15a98", "runId": "pre-fix", "hypothesisId": "H1", "location": "backend/app/main.py", "message": "Request complete", "data": {"method": "GET", "path": "/api/v1/recommendations", "status": 200}, "timestamp": 1777204559880}
{"sessionId": "e15a98", "runId": "pre-fix", "hypothesisId": "H1", "location": "backend/app/main.py", "message": "Incoming request", "data": {"method": "GET", "path": "/api/v1/anomalies/latest", "query": "mode=aws", "origin": "http://localhost:3000", "content_type": null}, "timestamp": 1777204560941}
{"sessionId": "e15a98", "runId": "pre-fix", "hypothesisId": "H1", "location": "backend/app/main.py", "message": "Request complete", "data": {"method": "GET", "path": "/api/v1/anomalies/latest", "status": 500}, "timestamp": 1777204560952}
